Preprocessing the provided input to create the reference pressure-field
Starting at Thu Mar 21 09:57:08 2019

Total number of sources is 17. Positions:
x = (-480, -5)
x = (-420, -5)
x = (-360, -5)
x = (-300, -5)
x = (-240, -5)
x = (-180, -5)
x = (-120, -5)
x = (-60, -5)
x = (0, -5)
x = (60, -5)
x = (120, -5)
x = (180, -5)
x = (240, -5)
x = (300, -5)
x = (360, -5)
x = (420, -5)
x = (480, -5)

Total number is receivers is 17. Positions:
x = (-480, -5)
x = (-420, -5)
x = (-360, -5)
x = (-300, -5)
x = (-240, -5)
x = (-180, -5)
x = (-120, -5)
x = (-60, -5)
x = (0, -5)
x = (60, -5)
x = (120, -5)
x = (180, -5)
x = (240, -5)
x = (300, -5)
x = (360, -5)
x = (420, -5)
x = (480, -5)

Total number of frequencies is 15. Values:
f = 10, k = 0.0314159
f = 12.1429, k = 0.0381479
f = 14.2857, k = 0.0448799
f = 16.4286, k = 0.0516119
f = 18.5714, k = 0.0583439
f = 20.7143, k = 0.0650758
f = 22.8571, k = 0.0718078
f = 25, k = 0.0785398
f = 27.1429, k = 0.0852718
f = 29.2857, k = 0.0920038
f = 31.4286, k = 0.0987358
f = 33.5714, k = 0.105468
f = 35.7143, k = 0.1122
f = 37.8571, k = 0.118932
f = 40, k = 0.125664

Creating Greens function field...
Creating P0...
Calculate pData (the reference pressure-field)...
  
Creating this->p_tot for 1/ 15freq
  
Convergence after 6iterations
Convergence after 6iterations
Convergence after 6iterations
Convergence after 6iterations
Convergence after 6iterations
Convergence after 6iterations
Convergence after 6iterations
Convergence after 6iterations
Convergence after 6iterations
Convergence after 6iterations
Convergence after 6iterations
Convergence after 6iterations
Convergence after 6iterations
Convergence after 6iterations
Convergence after 6iterations
Convergence after 6iterations
Convergence after 6iterations
  
  
  
Creating this->p_tot for 2/ 15freq
  
Convergence after 7iterations
Convergence after 7iterations
Convergence after 7iterations
Convergence after 7iterations
Convergence after 7iterations
Convergence after 7iterations
Convergence after 7iterations
Convergence after 7iterations
Convergence after 7iterations
Convergence after 7iterations
Convergence after 7iterations
Convergence after 7iterations
Convergence after 7iterations
Convergence after 7iterations
Convergence after 7iterations
Convergence after 7iterations
Convergence after 7iterations
  
  
  
Creating this->p_tot for 3/ 15freq
  
Convergence after 8iterations
Convergence after 8iterations
Convergence after 8iterations
Convergence after 8iterations
Convergence after 8iterations
Convergence after 7iterations
Convergence after 8iterations
Convergence after 8iterations
Convergence after 8iterations
Convergence after 8iterations
Convergence after 8iterations
Convergence after 7iterations
Convergence after 8iterations
Convergence after 8iterations
Convergence after 8iterations
Convergence after 8iterations
Convergence after 8iterations
  
  
  
Creating this->p_tot for 4/ 15freq
  
Convergence after 9iterations
Convergence after 9iterations
Convergence after 9iterations
Convergence after 9iterations
Convergence after 9iterations
Convergence after 9iterations
Convergence after 9iterations
Convergence after 9iterations
Convergence after 9iterations
Convergence after 9iterations
Convergence after 9iterations
Convergence after 9iterations
Convergence after 9iterations
Convergence after 9iterations
Convergence after 9iterations
Convergence after 9iterations
Convergence after 9iterations
  
  
  
Creating this->p_tot for 5/ 15freq
  
Convergence after 10iterations
Convergence after 10iterations
Convergence after 10iterations
Convergence after 10iterations
Convergence after 10iterations
Convergence after 10iterations
Convergence after 10iterations
Convergence after 10iterations
Convergence after 10iterations
Convergence after 10iterations
Convergence after 10iterations
Convergence after 10iterations
Convergence after 10iterations
Convergence after 10iterations
Convergence after 10iterations
Convergence after 10iterations
Convergence after 10iterations
  
  
  
Creating this->p_tot for 6/ 15freq
  
Convergence after 11iterations
Convergence after 11iterations
Convergence after 11iterations
Convergence after 11iterations
Convergence after 11iterations
Convergence after 11iterations
Convergence after 11iterations
Convergence after 11iterations
Convergence after 11iterations
Convergence after 11iterations
Convergence after 11iterations
Convergence after 11iterations
Convergence after 11iterations
Convergence after 11iterations
Convergence after 11iterations
Convergence after 11iterations
Convergence after 11iterations
  
  
  
Creating this->p_tot for 7/ 15freq
  
Convergence after 12iterations
Convergence after 12iterations
Convergence after 12iterations
Convergence after 12iterations
Convergence after 13iterations
Convergence after 12iterations
Convergence after 12iterations
Convergence after 12iterations
Convergence after 11iterations
Convergence after 12iterations
Convergence after 12iterations
Convergence after 12iterations
Convergence after 13iterations
Convergence after 12iterations
Convergence after 12iterations
Convergence after 11iterations
Convergence after 12iterations
  
  
  
Creating this->p_tot for 8/ 15freq
  
Convergence after 13iterations
Convergence after 13iterations
Convergence after 13iterations
Convergence after 13iterations
Convergence after 13iterations
Convergence after 13iterations
Convergence after 13iterations
Convergence after 12iterations
Convergence after 13iterations
Convergence after 12iterations
Convergence after 13iterations
Convergence after 13iterations
Convergence after 13iterations
Convergence after 14iterations
Convergence after 14iterations
Convergence after 13iterations
Convergence after 14iterations
  
  
  
Creating this->p_tot for 9/ 15freq
  
Convergence after 14iterations
Convergence after 14iterations
No convergence after 15 iterations.Res = 6.08268e-005
Convergence after 14iterations
Convergence after 14iterations
Convergence after 14iterations
Convergence after 13iterations
Convergence after 12iterations
Convergence after 13iterations
Convergence after 13iterations
Convergence after 13iterations
Convergence after 14iterations
Convergence after 14iterations
Convergence after 14iterations
Convergence after 14iterations
Convergence after 14iterations
Convergence after 14iterations
  
  
  
Creating this->p_tot for 10/ 15freq
  
No convergence after 15 iterations.Res = 0.000114723
No convergence after 15 iterations.Res = 0.000192087
No convergence after 15 iterations.Res = 0.000253196
No convergence after 15 iterations.Res = 0.000197744
No convergence after 15 iterations.Res = 0.000171808
No convergence after 15 iterations.Res = 0.000145044
No convergence after 15 iterations.Res = 9.76533e-005
Convergence after 14iterations
Convergence after 14iterations
Convergence after 14iterations
No convergence after 15 iterations.Res = 9.32169e-005
No convergence after 15 iterations.Res = 0.000149905
No convergence after 15 iterations.Res = 0.000178328
No convergence after 15 iterations.Res = 0.000208874
No convergence after 15 iterations.Res = 0.000262002
No convergence after 15 iterations.Res = 0.000222538
No convergence after 15 iterations.Res = 0.000132716
  
  
  
Creating this->p_tot for 11/ 15freq
  
No convergence after 15 iterations.Res = 0.000410171
No convergence after 15 iterations.Res = 0.000576247
No convergence after 15 iterations.Res = 0.000522274
No convergence after 15 iterations.Res = 0.000480775
No convergence after 15 iterations.Res = 0.000435575
No convergence after 15 iterations.Res = 0.000294299
No convergence after 15 iterations.Res = 0.000234619
No convergence after 15 iterations.Res = 0.000165686
No convergence after 15 iterations.Res = 5.42973e-005
No convergence after 15 iterations.Res = 0.000176368
No convergence after 15 iterations.Res = 0.000212485
No convergence after 15 iterations.Res = 0.00027495
No convergence after 15 iterations.Res = 0.000408053
No convergence after 15 iterations.Res = 0.000456163
No convergence after 15 iterations.Res = 0.000495595
No convergence after 15 iterations.Res = 0.000499965
No convergence after 15 iterations.Res = 0.000356154
  
  
  
Creating this->p_tot for 12/ 15freq
  
No convergence after 15 iterations.Res = 0.00164406
No convergence after 15 iterations.Res = 0.00167459
No convergence after 15 iterations.Res = 0.00126812
No convergence after 15 iterations.Res = 0.00124566
No convergence after 15 iterations.Res = 0.00110985
No convergence after 15 iterations.Res = 0.000683104
No convergence after 15 iterations.Res = 0.000434159
No convergence after 15 iterations.Res = 0.000393784
No convergence after 15 iterations.Res = 0.000323439
No convergence after 15 iterations.Res = 0.00043504
No convergence after 15 iterations.Res = 0.000451804
No convergence after 15 iterations.Res = 0.000595416
No convergence after 15 iterations.Res = 0.00100716
No convergence after 15 iterations.Res = 0.00118084
No convergence after 15 iterations.Res = 0.00120424
No convergence after 15 iterations.Res = 0.00161521
No convergence after 15 iterations.Res = 0.00154805
  
  
  
Creating this->p_tot for 13/ 15freq
  
No convergence after 15 iterations.Res = 0.0050902
No convergence after 15 iterations.Res = 0.00465526
No convergence after 15 iterations.Res = 0.00363178
No convergence after 15 iterations.Res = 0.00371363
No convergence after 15 iterations.Res = 0.00292955
No convergence after 15 iterations.Res = 0.00213491
No convergence after 15 iterations.Res = 0.00160676
No convergence after 15 iterations.Res = 0.00105716
No convergence after 15 iterations.Res = 0.000334974
No convergence after 15 iterations.Res = 0.00124283
No convergence after 15 iterations.Res = 0.00146075
No convergence after 15 iterations.Res = 0.0020719
No convergence after 15 iterations.Res = 0.00298893
No convergence after 15 iterations.Res = 0.00381693
No convergence after 15 iterations.Res = 0.00374588
No convergence after 15 iterations.Res = 0.00472729
No convergence after 15 iterations.Res = 0.00502686
  
  
  
Creating this->p_tot for 14/ 15freq
  
No convergence after 15 iterations.Res = 0.00829868
No convergence after 15 iterations.Res = 0.00547416
No convergence after 15 iterations.Res = 0.00527472
No convergence after 15 iterations.Res = 0.00469102
No convergence after 15 iterations.Res = 0.00391423
No convergence after 15 iterations.Res = 0.00269392
No convergence after 15 iterations.Res = 0.00230676
No convergence after 15 iterations.Res = 0.00150133
No convergence after 15 iterations.Res = 0.00107077
No convergence after 15 iterations.Res = 0.00161198
No convergence after 15 iterations.Res = 0.00248439
No convergence after 15 iterations.Res = 0.00270557
No convergence after 15 iterations.Res = 0.00396936
No convergence after 15 iterations.Res = 0.00467255
No convergence after 15 iterations.Res = 0.00541583
No convergence after 15 iterations.Res = 0.00554135
No convergence after 15 iterations.Res = 0.0081634
  
  
  
Creating this->p_tot for 15/ 15freq
  
No convergence after 15 iterations.Res = 0.0200767
No convergence after 15 iterations.Res = 0.0163986
No convergence after 15 iterations.Res = 0.014569
No convergence after 15 iterations.Res = 0.0129447
No convergence after 15 iterations.Res = 0.0103631
No convergence after 15 iterations.Res = 0.00648246
No convergence after 15 iterations.Res = 0.00485793
No convergence after 15 iterations.Res = 0.00385187
No convergence after 15 iterations.Res = 0.00404925
No convergence after 15 iterations.Res = 0.00372018
No convergence after 15 iterations.Res = 0.00491689
No convergence after 15 iterations.Res = 0.0064789
No convergence after 15 iterations.Res = 0.010408
No convergence after 15 iterations.Res = 0.013061
No convergence after 15 iterations.Res = 0.0147541
No convergence after 15 iterations.Res = 0.0165052
No convergence after 15 iterations.Res = 0.0198445
  
  
calculateData done
Finished at Thu Mar 21 09:57:39 2019

CPU time: 31.502 seconds
