Preprocessing the provided input to create the reference pressure-field
Starting at Thu Apr 04 09:45:16 2019

Total number of sources is 17. Positions:
x = (-480, -5)
x = (-420, -5)
x = (-360, -5)
x = (-300, -5)
x = (-240, -5)
x = (-180, -5)
x = (-120, -5)
x = (-60, -5)
x = (0, -5)
x = (60, -5)
x = (120, -5)
x = (180, -5)
x = (240, -5)
x = (300, -5)
x = (360, -5)
x = (420, -5)
x = (480, -5)

Total number is receivers is 17. Positions:
x = (-480, -5)
x = (-420, -5)
x = (-360, -5)
x = (-300, -5)
x = (-240, -5)
x = (-180, -5)
x = (-120, -5)
x = (-60, -5)
x = (0, -5)
x = (60, -5)
x = (120, -5)
x = (180, -5)
x = (240, -5)
x = (300, -5)
x = (360, -5)
x = (420, -5)
x = (480, -5)

Total number of frequencies is 30. Values:
f = 10, k = 0.0314159
f = 11.0345, k = 0.0346658
f = 12.069, k = 0.0379158
f = 13.1034, k = 0.0411657
f = 14.1379, k = 0.0444156
f = 15.1724, k = 0.0476655
f = 16.2069, k = 0.0509155
f = 17.2414, k = 0.0541654
f = 18.2759, k = 0.0574153
f = 19.3103, k = 0.0606652
f = 20.3448, k = 0.0639152
f = 21.3793, k = 0.0671651
f = 22.4138, k = 0.070415
f = 23.4483, k = 0.0736649
f = 24.4828, k = 0.0769149
f = 25.5172, k = 0.0801648
f = 26.5517, k = 0.0834147
f = 27.5862, k = 0.0866646
f = 28.6207, k = 0.0899145
f = 29.6552, k = 0.0931645
f = 30.6897, k = 0.0964144
f = 31.7241, k = 0.0996643
f = 32.7586, k = 0.102914
f = 33.7931, k = 0.106164
f = 34.8276, k = 0.109414
f = 35.8621, k = 0.112664
f = 36.8966, k = 0.115914
f = 37.931, k = 0.119164
f = 38.9655, k = 0.122414
f = 40, k = 0.125664

Creating Greens function field...
Creating P0...
Calculate pData (the reference pressure-field)...
  
Creating this->p_tot for 1/ 30freq
  
Convergence after 6iterations
Convergence after 6iterations
Convergence after 6iterations
Convergence after 6iterations
Convergence after 6iterations
Convergence after 6iterations
Convergence after 6iterations
Convergence after 6iterations
Convergence after 6iterations
Convergence after 6iterations
Convergence after 6iterations
Convergence after 6iterations
Convergence after 6iterations
Convergence after 6iterations
Convergence after 6iterations
Convergence after 6iterations
Convergence after 6iterations
  
  
  
Creating this->p_tot for 2/ 30freq
  
Convergence after 6iterations
Convergence after 6iterations
Convergence after 6iterations
Convergence after 6iterations
Convergence after 7iterations
Convergence after 6iterations
Convergence after 6iterations
Convergence after 6iterations
Convergence after 7iterations
Convergence after 6iterations
Convergence after 6iterations
Convergence after 6iterations
Convergence after 7iterations
Convergence after 6iterations
Convergence after 6iterations
Convergence after 6iterations
Convergence after 6iterations
  
  
  
Creating this->p_tot for 3/ 30freq
  
Convergence after 7iterations
Convergence after 7iterations
Convergence after 7iterations
Convergence after 7iterations
Convergence after 7iterations
Convergence after 7iterations
Convergence after 7iterations
Convergence after 7iterations
Convergence after 7iterations
Convergence after 7iterations
Convergence after 7iterations
Convergence after 7iterations
Convergence after 7iterations
Convergence after 7iterations
Convergence after 7iterations
Convergence after 7iterations
Convergence after 7iterations
  
  
  
Creating this->p_tot for 4/ 30freq
  
Convergence after 7iterations
Convergence after 7iterations
Convergence after 7iterations
Convergence after 7iterations
Convergence after 7iterations
Convergence after 7iterations
Convergence after 7iterations
Convergence after 7iterations
Convergence after 7iterations
Convergence after 7iterations
Convergence after 7iterations
Convergence after 7iterations
Convergence after 7iterations
Convergence after 7iterations
Convergence after 7iterations
Convergence after 7iterations
Convergence after 7iterations
  
  
  
Creating this->p_tot for 5/ 30freq
  
Convergence after 8iterations
Convergence after 8iterations
Convergence after 8iterations
Convergence after 8iterations
Convergence after 8iterations
Convergence after 7iterations
Convergence after 8iterations
Convergence after 8iterations
Convergence after 8iterations
Convergence after 8iterations
Convergence after 7iterations
Convergence after 7iterations
Convergence after 8iterations
Convergence after 8iterations
Convergence after 8iterations
Convergence after 8iterations
Convergence after 8iterations
  
  
  
Creating this->p_tot for 6/ 30freq
  
Convergence after 8iterations
Convergence after 8iterations
Convergence after 8iterations
Convergence after 8iterations
Convergence after 8iterations
Convergence after 8iterations
Convergence after 8iterations
Convergence after 8iterations
Convergence after 8iterations
Convergence after 8iterations
Convergence after 8iterations
Convergence after 8iterations
Convergence after 8iterations
Convergence after 8iterations
Convergence after 8iterations
Convergence after 8iterations
Convergence after 8iterations
  
  
  
Creating this->p_tot for 7/ 30freq
  
Convergence after 9iterations
Convergence after 9iterations
Convergence after 9iterations
Convergence after 9iterations
Convergence after 9iterations
Convergence after 9iterations
Convergence after 9iterations
Convergence after 9iterations
Convergence after 9iterations
Convergence after 9iterations
Convergence after 9iterations
Convergence after 9iterations
Convergence after 9iterations
Convergence after 9iterations
Convergence after 9iterations
Convergence after 9iterations
Convergence after 9iterations
  
  
  
Creating this->p_tot for 8/ 30freq
  
Convergence after 9iterations
Convergence after 9iterations
Convergence after 10iterations
Convergence after 10iterations
Convergence after 9iterations
Convergence after 9iterations
Convergence after 9iterations
Convergence after 10iterations
Convergence after 9iterations
Convergence after 10iterations
Convergence after 9iterations
Convergence after 9iterations
Convergence after 9iterations
Convergence after 10iterations
Convergence after 10iterations
Convergence after 9iterations
Convergence after 9iterations
  
  
  
Creating this->p_tot for 9/ 30freq
  
Convergence after 10iterations
Convergence after 10iterations
Convergence after 10iterations
Convergence after 10iterations
Convergence after 10iterations
Convergence after 10iterations
Convergence after 10iterations
Convergence after 10iterations
Convergence after 10iterations
Convergence after 10iterations
Convergence after 10iterations
Convergence after 10iterations
Convergence after 10iterations
Convergence after 10iterations
Convergence after 10iterations
Convergence after 10iterations
Convergence after 10iterations
  
  
  
Creating this->p_tot for 10/ 30freq
  
Convergence after 11iterations
Convergence after 11iterations
Convergence after 10iterations
Convergence after 10iterations
Convergence after 10iterations
Convergence after 10iterations
Convergence after 10iterations
Convergence after 10iterations
Convergence after 10iterations
Convergence after 10iterations
Convergence after 10iterations
Convergence after 10iterations
Convergence after 10iterations
Convergence after 10iterations
Convergence after 10iterations
Convergence after 11iterations
Convergence after 11iterations
  
  
  
Creating this->p_tot for 11/ 30freq
  
Convergence after 11iterations
Convergence after 11iterations
Convergence after 11iterations
Convergence after 11iterations
Convergence after 11iterations
Convergence after 11iterations
Convergence after 10iterations
Convergence after 10iterations
Convergence after 11iterations
Convergence after 10iterations
Convergence after 10iterations
Convergence after 11iterations
Convergence after 11iterations
Convergence after 11iterations
Convergence after 11iterations
Convergence after 11iterations
Convergence after 11iterations
  
  
  
Creating this->p_tot for 12/ 30freq
  
Convergence after 11iterations
Convergence after 11iterations
Convergence after 11iterations
Convergence after 12iterations
Convergence after 12iterations
Convergence after 12iterations
Convergence after 11iterations
Convergence after 11iterations
Convergence after 11iterations
Convergence after 11iterations
Convergence after 11iterations
Convergence after 12iterations
Convergence after 12iterations
Convergence after 12iterations
Convergence after 11iterations
Convergence after 11iterations
Convergence after 11iterations
  
  
  
Creating this->p_tot for 13/ 30freq
  
Convergence after 12iterations
Convergence after 11iterations
Convergence after 12iterations
Convergence after 12iterations
Convergence after 12iterations
Convergence after 12iterations
Convergence after 12iterations
Convergence after 12iterations
Convergence after 11iterations
Convergence after 12iterations
Convergence after 12iterations
Convergence after 12iterations
Convergence after 12iterations
Convergence after 12iterations
Convergence after 12iterations
Convergence after 11iterations
Convergence after 12iterations
  
  
  
Creating this->p_tot for 14/ 30freq
  
Convergence after 13iterations
Convergence after 12iterations
Convergence after 12iterations
Convergence after 13iterations
Convergence after 13iterations
Convergence after 13iterations
Convergence after 12iterations
Convergence after 12iterations
Convergence after 12iterations
Convergence after 12iterations
Convergence after 12iterations
Convergence after 13iterations
Convergence after 13iterations
Convergence after 13iterations
Convergence after 12iterations
Convergence after 12iterations
Convergence after 12iterations
  
  
  
Creating this->p_tot for 15/ 30freq
  
Convergence after 13iterations
Convergence after 13iterations
Convergence after 13iterations
Convergence after 13iterations
Convergence after 13iterations
Convergence after 13iterations
Convergence after 13iterations
Convergence after 12iterations
Convergence after 13iterations
Convergence after 12iterations
Convergence after 13iterations
Convergence after 13iterations
Convergence after 13iterations
Convergence after 13iterations
Convergence after 13iterations
Convergence after 13iterations
Convergence after 13iterations
  
  
  
Creating this->p_tot for 16/ 30freq
  
Convergence after 14iterations
Convergence after 13iterations
Convergence after 14iterations
Convergence after 14iterations
Convergence after 14iterations
Convergence after 13iterations
Convergence after 13iterations
Convergence after 12iterations
Convergence after 12iterations
Convergence after 12iterations
Convergence after 13iterations
Convergence after 13iterations
Convergence after 14iterations
Convergence after 14iterations
Convergence after 14iterations
Convergence after 13iterations
Convergence after 14iterations
  
  
  
Creating this->p_tot for 17/ 30freq
  
Convergence after 14iterations
Convergence after 14iterations
Convergence after 14iterations
Convergence after 14iterations
Convergence after 14iterations
Convergence after 14iterations
Convergence after 13iterations
Convergence after 12iterations
Convergence after 13iterations
Convergence after 12iterations
Convergence after 13iterations
Convergence after 13iterations
Convergence after 14iterations
Convergence after 14iterations
Convergence after 14iterations
Convergence after 14iterations
Convergence after 14iterations
  
  
  
Creating this->p_tot for 18/ 30freq
  
Convergence after 14iterations
No convergence after 15 iterations.Res = 5.92805e-005
No convergence after 15 iterations.Res = 8.08546e-005
No convergence after 15 iterations.Res = 6.04038e-005
Convergence after 14iterations
Convergence after 14iterations
Convergence after 13iterations
Convergence after 13iterations
Convergence after 13iterations
Convergence after 13iterations
Convergence after 13iterations
Convergence after 14iterations
Convergence after 14iterations
No convergence after 15 iterations.Res = 5.51849e-005
No convergence after 15 iterations.Res = 7.20636e-005
No convergence after 15 iterations.Res = 6.22154e-005
No convergence after 15 iterations.Res = 5.75142e-005
  
  
  
Creating this->p_tot for 19/ 30freq
  
No convergence after 15 iterations.Res = 8.46134e-005
No convergence after 15 iterations.Res = 0.000138819
No convergence after 15 iterations.Res = 0.000175523
No convergence after 15 iterations.Res = 0.000131171
No convergence after 15 iterations.Res = 0.000110653
No convergence after 15 iterations.Res = 9.64788e-005
No convergence after 15 iterations.Res = 5.61258e-005
Convergence after 14iterations
Convergence after 14iterations
Convergence after 14iterations
No convergence after 15 iterations.Res = 5.0429e-005
No convergence after 15 iterations.Res = 0.000100233
No convergence after 15 iterations.Res = 0.00011607
No convergence after 15 iterations.Res = 0.00013902
No convergence after 15 iterations.Res = 0.000183286
No convergence after 15 iterations.Res = 0.000165188
No convergence after 15 iterations.Res = 0.00011387
  
  
  
Creating this->p_tot for 20/ 30freq
  
No convergence after 15 iterations.Res = 0.00018431
No convergence after 15 iterations.Res = 0.00024564
No convergence after 15 iterations.Res = 0.00028765
No convergence after 15 iterations.Res = 0.000230097
No convergence after 15 iterations.Res = 0.000207355
No convergence after 15 iterations.Res = 0.00016414
No convergence after 15 iterations.Res = 0.000122222
No convergence after 15 iterations.Res = 6.659e-005
Convergence after 14iterations
No convergence after 15 iterations.Res = 6.02121e-005
No convergence after 15 iterations.Res = 0.000117144
No convergence after 15 iterations.Res = 0.000165722
No convergence after 15 iterations.Res = 0.000207865
No convergence after 15 iterations.Res = 0.000235653
No convergence after 15 iterations.Res = 0.000282139
No convergence after 15 iterations.Res = 0.000255567
No convergence after 15 iterations.Res = 0.000176056
  
  
  
Creating this->p_tot for 21/ 30freq
  
No convergence after 15 iterations.Res = 0.00030498
No convergence after 15 iterations.Res = 0.00048392
No convergence after 15 iterations.Res = 0.000462144
No convergence after 15 iterations.Res = 0.000374297
No convergence after 15 iterations.Res = 0.000352125
No convergence after 15 iterations.Res = 0.000245861
No convergence after 15 iterations.Res = 0.000197136
No convergence after 15 iterations.Res = 0.000128679
Convergence after 14iterations
No convergence after 15 iterations.Res = 0.000132427
No convergence after 15 iterations.Res = 0.000179693
No convergence after 15 iterations.Res = 0.000224524
No convergence after 15 iterations.Res = 0.000329204
No convergence after 15 iterations.Res = 0.000352984
No convergence after 15 iterations.Res = 0.000416454
No convergence after 15 iterations.Res = 0.000442311
No convergence after 15 iterations.Res = 0.000227268
  
  
  
Creating this->p_tot for 22/ 30freq
  
No convergence after 15 iterations.Res = 0.000494413
No convergence after 15 iterations.Res = 0.000621507
No convergence after 15 iterations.Res = 0.000527958
No convergence after 15 iterations.Res = 0.000500521
No convergence after 15 iterations.Res = 0.000454606
No convergence after 15 iterations.Res = 0.000295219
No convergence after 15 iterations.Res = 0.000238157
No convergence after 15 iterations.Res = 0.00017905
No convergence after 15 iterations.Res = 6.74441e-005
No convergence after 15 iterations.Res = 0.000193163
No convergence after 15 iterations.Res = 0.000215167
No convergence after 15 iterations.Res = 0.000276122
No convergence after 15 iterations.Res = 0.000428375
No convergence after 15 iterations.Res = 0.000478201
No convergence after 15 iterations.Res = 0.000510612
No convergence after 15 iterations.Res = 0.000549983
No convergence after 15 iterations.Res = 0.000467845
  
  
  
Creating this->p_tot for 23/ 30freq
  
No convergence after 15 iterations.Res = 0.000880921
No convergence after 15 iterations.Res = 0.000854321
No convergence after 15 iterations.Res = 0.000631415
No convergence after 15 iterations.Res = 0.000594911
No convergence after 15 iterations.Res = 0.000545511
No convergence after 15 iterations.Res = 0.000317715
No convergence after 15 iterations.Res = 0.000212155
No convergence after 15 iterations.Res = 0.000185156
No convergence after 15 iterations.Res = 0.000133432
No convergence after 15 iterations.Res = 0.000222045
No convergence after 15 iterations.Res = 0.000240322
No convergence after 15 iterations.Res = 0.000295645
No convergence after 15 iterations.Res = 0.000521999
No convergence after 15 iterations.Res = 0.000581489
No convergence after 15 iterations.Res = 0.000610856
No convergence after 15 iterations.Res = 0.000830681
No convergence after 15 iterations.Res = 0.000816558
  
  
  
Creating this->p_tot for 24/ 30freq
  
No convergence after 15 iterations.Res = 0.00184138
No convergence after 15 iterations.Res = 0.00187896
No convergence after 15 iterations.Res = 0.00142783
No convergence after 15 iterations.Res = 0.00140473
No convergence after 15 iterations.Res = 0.00125838
No convergence after 15 iterations.Res = 0.000795594
No convergence after 15 iterations.Res = 0.000515804
No convergence after 15 iterations.Res = 0.000447433
No convergence after 15 iterations.Res = 0.000362388
No convergence after 15 iterations.Res = 0.000499665
No convergence after 15 iterations.Res = 0.000529814
No convergence after 15 iterations.Res = 0.000694751
No convergence after 15 iterations.Res = 0.00114744
No convergence after 15 iterations.Res = 0.00134244
No convergence after 15 iterations.Res = 0.00137132
No convergence after 15 iterations.Res = 0.00182038
No convergence after 15 iterations.Res = 0.00175571
  
  
  
Creating this->p_tot for 25/ 30freq
  
No convergence after 15 iterations.Res = 0.00299462
No convergence after 15 iterations.Res = 0.00297363
No convergence after 15 iterations.Res = 0.00225271
No convergence after 15 iterations.Res = 0.00226158
No convergence after 15 iterations.Res = 0.00189672
No convergence after 15 iterations.Res = 0.0013123
No convergence after 15 iterations.Res = 0.000976585
No convergence after 15 iterations.Res = 0.000684538
No convergence after 15 iterations.Res = 0.000359329
No convergence after 15 iterations.Res = 0.00080943
No convergence after 15 iterations.Res = 0.000913626
No convergence after 15 iterations.Res = 0.00119042
No convergence after 15 iterations.Res = 0.00184133
No convergence after 15 iterations.Res = 0.00228645
No convergence after 15 iterations.Res = 0.00228416
No convergence after 15 iterations.Res = 0.00296705
No convergence after 15 iterations.Res = 0.00298289
  
  
  
Creating this->p_tot for 26/ 30freq
  
No convergence after 15 iterations.Res = 0.00536824
No convergence after 15 iterations.Res = 0.00487774
No convergence after 15 iterations.Res = 0.00382344
No convergence after 15 iterations.Res = 0.00391542
No convergence after 15 iterations.Res = 0.00308519
No convergence after 15 iterations.Res = 0.00226978
No convergence after 15 iterations.Res = 0.00169342
No convergence after 15 iterations.Res = 0.00110601
No convergence after 15 iterations.Res = 0.000364657
No convergence after 15 iterations.Res = 0.00129698
No convergence after 15 iterations.Res = 0.00155183
No convergence after 15 iterations.Res = 0.00221929
No convergence after 15 iterations.Res = 0.00315612
No convergence after 15 iterations.Res = 0.00402296
No convergence after 15 iterations.Res = 0.00394899
No convergence after 15 iterations.Res = 0.00496048
No convergence after 15 iterations.Res = 0.00529325
  
  
  
Creating this->p_tot for 27/ 30freq
  
No convergence after 15 iterations.Res = 0.00682266
No convergence after 15 iterations.Res = 0.00554285
No convergence after 15 iterations.Res = 0.00485389
No convergence after 15 iterations.Res = 0.00472475
No convergence after 15 iterations.Res = 0.00367488
No convergence after 15 iterations.Res = 0.00260926
No convergence after 15 iterations.Res = 0.00194364
No convergence after 15 iterations.Res = 0.00127015
No convergence after 15 iterations.Res = 0.000983739
No convergence after 15 iterations.Res = 0.00145885
No convergence after 15 iterations.Res = 0.00195521
No convergence after 15 iterations.Res = 0.002649
No convergence after 15 iterations.Res = 0.00375667
No convergence after 15 iterations.Res = 0.00480365
No convergence after 15 iterations.Res = 0.00503475
No convergence after 15 iterations.Res = 0.00567509
No convergence after 15 iterations.Res = 0.00671121
  
  
  
Creating this->p_tot for 28/ 30freq
  
No convergence after 15 iterations.Res = 0.00838928
No convergence after 15 iterations.Res = 0.00566751
No convergence after 15 iterations.Res = 0.00533231
No convergence after 15 iterations.Res = 0.00474534
No convergence after 15 iterations.Res = 0.00394423
No convergence after 15 iterations.Res = 0.00272701
No convergence after 15 iterations.Res = 0.00233363
No convergence after 15 iterations.Res = 0.00156378
No convergence after 15 iterations.Res = 0.00109762
No convergence after 15 iterations.Res = 0.00165482
No convergence after 15 iterations.Res = 0.0025282
No convergence after 15 iterations.Res = 0.00272762
No convergence after 15 iterations.Res = 0.00400087
No convergence after 15 iterations.Res = 0.00471948
No convergence after 15 iterations.Res = 0.00546843
No convergence after 15 iterations.Res = 0.00571837
No convergence after 15 iterations.Res = 0.00825431
  
  
  
Creating this->p_tot for 29/ 30freq
  
No convergence after 15 iterations.Res = 0.0132639
No convergence after 15 iterations.Res = 0.0116277
No convergence after 15 iterations.Res = 0.0099996
No convergence after 15 iterations.Res = 0.00941486
No convergence after 15 iterations.Res = 0.00716709
No convergence after 15 iterations.Res = 0.00467927
No convergence after 15 iterations.Res = 0.00323188
No convergence after 15 iterations.Res = 0.00268188
No convergence after 15 iterations.Res = 0.00218419
No convergence after 15 iterations.Res = 0.0026448
No convergence after 15 iterations.Res = 0.00329718
No convergence after 15 iterations.Res = 0.00439993
No convergence after 15 iterations.Res = 0.00715698
No convergence after 15 iterations.Res = 0.00919022
No convergence after 15 iterations.Res = 0.00983805
No convergence after 15 iterations.Res = 0.011303
No convergence after 15 iterations.Res = 0.0129959
  
  
  
Creating this->p_tot for 30/ 30freq
  
No convergence after 15 iterations.Res = 0.0200767
No convergence after 15 iterations.Res = 0.0163986
No convergence after 15 iterations.Res = 0.014569
No convergence after 15 iterations.Res = 0.0129447
No convergence after 15 iterations.Res = 0.0103631
No convergence after 15 iterations.Res = 0.00648246
No convergence after 15 iterations.Res = 0.00485793
No convergence after 15 iterations.Res = 0.00385187
No convergence after 15 iterations.Res = 0.00404925
No convergence after 15 iterations.Res = 0.00372018
No convergence after 15 iterations.Res = 0.00491689
No convergence after 15 iterations.Res = 0.0064789
No convergence after 15 iterations.Res = 0.010408
No convergence after 15 iterations.Res = 0.013061
No convergence after 15 iterations.Res = 0.0147541
No convergence after 15 iterations.Res = 0.0165052
No convergence after 15 iterations.Res = 0.0198445
  
  
calculateData done
Finished at Thu Apr 04 09:46:25 2019

CPU time: 69.573 seconds
