Preprocessing the provided input to create the reference pressure-field
Starting at Fri Feb 22 14:36:23 2019

Total number is sources is 17. Positions:
x = (-480, -5)
x = (-420, -4.375)
x = (-360, -3.75)
x = (-300, -3.125)
x = (-240, -2.5)
x = (-180, -1.875)
x = (-120, -1.25)
x = (-60, -0.625)
x = (0, 0)
x = (60, 0.625)
x = (120, 1.25)
x = (180, 1.875)
x = (240, 2.5)
x = (300, 3.125)
x = (360, 3.75)
x = (420, 4.375)
x = (480, 5)

Total number is receivers is 17. Positions:
x = (-480, -5)
x = (-420, -4.375)
x = (-360, -3.75)
x = (-300, -3.125)
x = (-240, -2.5)
x = (-180, -1.875)
x = (-120, -1.25)
x = (-60, -0.625)
x = (0, 0)
x = (60, 0.625)
x = (120, 1.25)
x = (180, 1.875)
x = (240, 2.5)
x = (300, 3.125)
x = (360, 3.75)
x = (420, 4.375)
x = (480, 5)

Total number of frequencies is 15. Values:
f = 10, k = 0.0314159
f = 12.1429, k = 0.0381479
f = 14.2857, k = 0.0448799
f = 16.4286, k = 0.0516119
f = 18.5714, k = 0.0583439
f = 20.7143, k = 0.0650758
f = 22.8571, k = 0.0718078
f = 25, k = 0.0785398
f = 27.1429, k = 0.0852718
f = 29.2857, k = 0.0920038
f = 31.4286, k = 0.0987358
f = 33.5714, k = 0.105468
f = 35.7143, k = 0.1122
f = 37.8571, k = 0.118932
f = 40, k = 0.125664

Creating Greens function field...
Creating P0...
Calculate pData (the reference pressure-field)...
  
Creating this->p_tot for 1/ 15freq
  
Convergence after 6iterations
Convergence after 6iterations
Convergence after 6iterations
Convergence after 6iterations
Convergence after 6iterations
Convergence after 6iterations
Convergence after 6iterations
Convergence after 6iterations
Convergence after 6iterations
Convergence after 6iterations
Convergence after 6iterations
Convergence after 6iterations
Convergence after 6iterations
Convergence after 6iterations
Convergence after 6iterations
Convergence after 6iterations
Convergence after 6iterations
  
  
  
Creating this->p_tot for 2/ 15freq
  
Convergence after 7iterations
Convergence after 7iterations
Convergence after 7iterations
Convergence after 7iterations
Convergence after 7iterations
Convergence after 7iterations
Convergence after 7iterations
Convergence after 7iterations
Convergence after 7iterations
Convergence after 7iterations
Convergence after 7iterations
Convergence after 7iterations
Convergence after 7iterations
Convergence after 7iterations
Convergence after 7iterations
Convergence after 7iterations
Convergence after 7iterations
  
  
  
Creating this->p_tot for 3/ 15freq
  
Convergence after 8iterations
Convergence after 8iterations
Convergence after 8iterations
Convergence after 8iterations
Convergence after 8iterations
Convergence after 7iterations
Convergence after 8iterations
Convergence after 8iterations
Convergence after 8iterations
Convergence after 8iterations
Convergence after 7iterations
Convergence after 7iterations
Convergence after 8iterations
Convergence after 8iterations
Convergence after 8iterations
Convergence after 8iterations
Convergence after 8iterations
  
  
  
Creating this->p_tot for 4/ 15freq
  
Convergence after 9iterations
Convergence after 9iterations
Convergence after 9iterations
Convergence after 9iterations
Convergence after 9iterations
Convergence after 9iterations
Convergence after 9iterations
Convergence after 9iterations
Convergence after 9iterations
Convergence after 9iterations
Convergence after 9iterations
Convergence after 9iterations
Convergence after 9iterations
Convergence after 9iterations
Convergence after 9iterations
Convergence after 9iterations
Convergence after 9iterations
  
  
  
Creating this->p_tot for 5/ 15freq
  
Convergence after 10iterations
Convergence after 10iterations
Convergence after 10iterations
Convergence after 10iterations
Convergence after 10iterations
Convergence after 10iterations
Convergence after 10iterations
Convergence after 10iterations
Convergence after 10iterations
Convergence after 10iterations
Convergence after 10iterations
Convergence after 10iterations
Convergence after 10iterations
Convergence after 10iterations
Convergence after 10iterations
Convergence after 10iterations
Convergence after 10iterations
  
  
  
Creating this->p_tot for 6/ 15freq
  
Convergence after 11iterations
Convergence after 11iterations
Convergence after 11iterations
Convergence after 11iterations
Convergence after 11iterations
Convergence after 11iterations
Convergence after 11iterations
Convergence after 11iterations
Convergence after 11iterations
Convergence after 11iterations
Convergence after 11iterations
Convergence after 11iterations
Convergence after 11iterations
Convergence after 11iterations
Convergence after 11iterations
Convergence after 11iterations
Convergence after 11iterations
  
  
  
Creating this->p_tot for 7/ 15freq
  
Convergence after 12iterations
Convergence after 12iterations
Convergence after 12iterations
Convergence after 12iterations
Convergence after 13iterations
Convergence after 12iterations
Convergence after 12iterations
Convergence after 12iterations
Convergence after 11iterations
Convergence after 12iterations
Convergence after 12iterations
Convergence after 12iterations
Convergence after 13iterations
Convergence after 12iterations
Convergence after 12iterations
Convergence after 12iterations
Convergence after 12iterations
  
  
  
Creating this->p_tot for 8/ 15freq
  
Convergence after 13iterations
Convergence after 13iterations
Convergence after 13iterations
Convergence after 13iterations
Convergence after 13iterations
Convergence after 13iterations
Convergence after 13iterations
Convergence after 12iterations
Convergence after 13iterations
Convergence after 12iterations
Convergence after 13iterations
Convergence after 13iterations
Convergence after 13iterations
Convergence after 14iterations
Convergence after 13iterations
Convergence after 13iterations
Convergence after 14iterations
  
  
  
Creating this->p_tot for 9/ 15freq
  
Convergence after 14iterations
Convergence after 14iterations
No convergence after 15 iterations.Res = 6.05683e-05
Convergence after 14iterations
Convergence after 14iterations
Convergence after 14iterations
Convergence after 13iterations
Convergence after 12iterations
Convergence after 13iterations
Convergence after 13iterations
Convergence after 13iterations
Convergence after 14iterations
Convergence after 14iterations
Convergence after 14iterations
Convergence after 14iterations
Convergence after 14iterations
No convergence after 15 iterations.Res = 5.15453e-05
  
  
  
Creating this->p_tot for 10/ 15freq
  
No convergence after 15 iterations.Res = 0.000114723
No convergence after 15 iterations.Res = 0.00018984
No convergence after 15 iterations.Res = 0.000253154
No convergence after 15 iterations.Res = 0.000197992
No convergence after 15 iterations.Res = 0.000172606
No convergence after 15 iterations.Res = 0.000149233
No convergence after 15 iterations.Res = 9.95326e-05
Convergence after 14iterations
Convergence after 14iterations
Convergence after 14iterations
No convergence after 15 iterations.Res = 9.78487e-05
No convergence after 15 iterations.Res = 0.000159601
No convergence after 15 iterations.Res = 0.0001805
No convergence after 15 iterations.Res = 0.000210238
No convergence after 15 iterations.Res = 0.000260472
No convergence after 15 iterations.Res = 0.000189884
No convergence after 15 iterations.Res = 0.000120602
  
  
  
Creating this->p_tot for 11/ 15freq
  
No convergence after 15 iterations.Res = 0.000410171
No convergence after 15 iterations.Res = 0.000573395
No convergence after 15 iterations.Res = 0.000527649
No convergence after 15 iterations.Res = 0.000480382
No convergence after 15 iterations.Res = 0.000439185
No convergence after 15 iterations.Res = 0.000303854
No convergence after 15 iterations.Res = 0.000243079
No convergence after 15 iterations.Res = 0.000164328
No convergence after 15 iterations.Res = 6.06178e-05
No convergence after 15 iterations.Res = 0.000173427
No convergence after 15 iterations.Res = 0.000227351
No convergence after 15 iterations.Res = 0.000295372
No convergence after 15 iterations.Res = 0.000414929
No convergence after 15 iterations.Res = 0.000446602
No convergence after 15 iterations.Res = 0.00052354
No convergence after 15 iterations.Res = 0.000441709
No convergence after 15 iterations.Res = 0.000382503
  
  
  
Creating this->p_tot for 12/ 15freq
  
No convergence after 15 iterations.Res = 0.00164406
No convergence after 15 iterations.Res = 0.00167475
No convergence after 15 iterations.Res = 0.00128565
No convergence after 15 iterations.Res = 0.0012471
No convergence after 15 iterations.Res = 0.00113125
No convergence after 15 iterations.Res = 0.000715596
No convergence after 15 iterations.Res = 0.000462714
No convergence after 15 iterations.Res = 0.000398628
No convergence after 15 iterations.Res = 0.000319959
No convergence after 15 iterations.Res = 0.00043964
No convergence after 15 iterations.Res = 0.000495682
No convergence after 15 iterations.Res = 0.000660457
No convergence after 15 iterations.Res = 0.00106911
No convergence after 15 iterations.Res = 0.00119066
No convergence after 15 iterations.Res = 0.00132736
No convergence after 15 iterations.Res = 0.00158875
No convergence after 15 iterations.Res = 0.00154407
  
  
  
Creating this->p_tot for 13/ 15freq
  
No convergence after 15 iterations.Res = 0.0050902
No convergence after 15 iterations.Res = 0.00466869
No convergence after 15 iterations.Res = 0.00364705
No convergence after 15 iterations.Res = 0.00374351
No convergence after 15 iterations.Res = 0.00300762
No convergence after 15 iterations.Res = 0.00218727
No convergence after 15 iterations.Res = 0.00168508
No convergence after 15 iterations.Res = 0.00111302
No convergence after 15 iterations.Res = 0.000347648
No convergence after 15 iterations.Res = 0.00129746
No convergence after 15 iterations.Res = 0.00161437
No convergence after 15 iterations.Res = 0.00221782
No convergence after 15 iterations.Res = 0.00323842
No convergence after 15 iterations.Res = 0.00393164
No convergence after 15 iterations.Res = 0.0038747
No convergence after 15 iterations.Res = 0.00483924
No convergence after 15 iterations.Res = 0.00491672
  
  
  
Creating this->p_tot for 14/ 15freq
  
No convergence after 15 iterations.Res = 0.00829868
No convergence after 15 iterations.Res = 0.00551299
No convergence after 15 iterations.Res = 0.00527283
No convergence after 15 iterations.Res = 0.00471462
No convergence after 15 iterations.Res = 0.00395351
No convergence after 15 iterations.Res = 0.0028247
No convergence after 15 iterations.Res = 0.00235783
No convergence after 15 iterations.Res = 0.00159884
No convergence after 15 iterations.Res = 0.00113391
No convergence after 15 iterations.Res = 0.00176165
No convergence after 15 iterations.Res = 0.00258327
No convergence after 15 iterations.Res = 0.0029975
No convergence after 15 iterations.Res = 0.00406895
No convergence after 15 iterations.Res = 0.00478858
No convergence after 15 iterations.Res = 0.00537845
No convergence after 15 iterations.Res = 0.00609306
No convergence after 15 iterations.Res = 0.00851733
  
  
  
Creating this->p_tot for 15/ 15freq
  
No convergence after 15 iterations.Res = 0.0200767
No convergence after 15 iterations.Res = 0.0164379
No convergence after 15 iterations.Res = 0.0146114
No convergence after 15 iterations.Res = 0.0131352
No convergence after 15 iterations.Res = 0.010656
No convergence after 15 iterations.Res = 0.00666052
No convergence after 15 iterations.Res = 0.00519963
No convergence after 15 iterations.Res = 0.00404039
No convergence after 15 iterations.Res = 0.00408533
No convergence after 15 iterations.Res = 0.00401691
No convergence after 15 iterations.Res = 0.00549342
No convergence after 15 iterations.Res = 0.00687727
No convergence after 15 iterations.Res = 0.0113309
No convergence after 15 iterations.Res = 0.0139608
No convergence after 15 iterations.Res = 0.0151654
No convergence after 15 iterations.Res = 0.0169116
No convergence after 15 iterations.Res = 0.0221725
  
  
calclateData done
Finished at Fri Feb 22 14:37:00 2019

CPU time: 36.3143 seconds
