Preprocessing the provided input to create the reference pressure-field
Starting at Wed Dec 12 11:10:49 2018

input.freq.nTotal= 15
Total number is sources is 30. Positions:
x = (-480, -5)
x = (-446.897, -5)
x = (-413.793, -5)
x = (-380.69, -5)
x = (-347.586, -5)
x = (-314.483, -5)
x = (-281.379, -5)
x = (-248.276, -5)
x = (-215.172, -5)
x = (-182.069, -5)
x = (-148.966, -5)
x = (-115.862, -5)
x = (-82.7586, -5)
x = (-49.6552, -5)
x = (-16.5517, -5)
x = (16.5517, -5)
x = (49.6552, -5)
x = (82.7586, -5)
x = (115.862, -5)
x = (148.966, -5)
x = (182.069, -5)
x = (215.172, -5)
x = (248.276, -5)
x = (281.379, -5)
x = (314.483, -5)
x = (347.586, -5)
x = (380.69, -5)
x = (413.793, -5)
x = (446.897, -5)
x = (480, -5)

Total number is receivers is 30. Positions:
x = (-480, -5)
x = (-446.897, -5)
x = (-413.793, -5)
x = (-380.69, -5)
x = (-347.586, -5)
x = (-314.483, -5)
x = (-281.379, -5)
x = (-248.276, -5)
x = (-215.172, -5)
x = (-182.069, -5)
x = (-148.966, -5)
x = (-115.862, -5)
x = (-82.7586, -5)
x = (-49.6552, -5)
x = (-16.5517, -5)
x = (16.5517, -5)
x = (49.6552, -5)
x = (82.7586, -5)
x = (115.862, -5)
x = (148.966, -5)
x = (182.069, -5)
x = (215.172, -5)
x = (248.276, -5)
x = (281.379, -5)
x = (314.483, -5)
x = (347.586, -5)
x = (380.69, -5)
x = (413.793, -5)
x = (446.897, -5)
x = (480, -5)

Total number of frequencies is 15. Values:
f = 10, k = 0.0314159
f = 12.1429, k = 0.0381479
f = 14.2857, k = 0.0448799
f = 16.4286, k = 0.0516119
f = 18.5714, k = 0.0583439
f = 20.7143, k = 0.0650758
f = 22.8571, k = 0.0718078
f = 25, k = 0.0785398
f = 27.1429, k = 0.0852718
f = 29.2857, k = 0.0920038
f = 31.4286, k = 0.0987358
f = 33.5714, k = 0.105468
f = 35.7143, k = 0.1122
f = 37.8571, k = 0.118932
f = 40, k = 0.125664

Creating Greens function field...
Creating P0...
Calculate pData (the reference pressure-field)...
  
Creating this->p_tot for 1/ 15freq
  
Convergence after 6iterations
Convergence after 6iterations
Convergence after 6iterations
Convergence after 6iterations
Convergence after 6iterations
Convergence after 6iterations
Convergence after 6iterations
Convergence after 6iterations
Convergence after 6iterations
Convergence after 6iterations
Convergence after 6iterations
Convergence after 6iterations
Convergence after 6iterations
Convergence after 6iterations
Convergence after 6iterations
Convergence after 6iterations
Convergence after 6iterations
Convergence after 6iterations
Convergence after 6iterations
Convergence after 6iterations
Convergence after 6iterations
Convergence after 6iterations
Convergence after 6iterations
Convergence after 6iterations
Convergence after 6iterations
Convergence after 6iterations
Convergence after 6iterations
Convergence after 6iterations
Convergence after 6iterations
Convergence after 6iterations
  
  
  
Creating this->p_tot for 2/ 15freq
  
Convergence after 7iterations
Convergence after 7iterations
Convergence after 7iterations
Convergence after 7iterations
Convergence after 7iterations
Convergence after 7iterations
Convergence after 7iterations
Convergence after 7iterations
Convergence after 7iterations
Convergence after 7iterations
Convergence after 7iterations
Convergence after 7iterations
Convergence after 7iterations
Convergence after 7iterations
Convergence after 7iterations
Convergence after 7iterations
Convergence after 7iterations
Convergence after 7iterations
Convergence after 7iterations
Convergence after 7iterations
Convergence after 7iterations
Convergence after 7iterations
Convergence after 7iterations
Convergence after 7iterations
Convergence after 7iterations
Convergence after 7iterations
Convergence after 7iterations
Convergence after 7iterations
Convergence after 7iterations
Convergence after 7iterations
  
  
  
Creating this->p_tot for 3/ 15freq
  
Convergence after 8iterations
Convergence after 8iterations
Convergence after 8iterations
Convergence after 8iterations
Convergence after 8iterations
Convergence after 8iterations
Convergence after 8iterations
Convergence after 8iterations
Convergence after 7iterations
Convergence after 7iterations
Convergence after 7iterations
Convergence after 8iterations
Convergence after 8iterations
Convergence after 8iterations
Convergence after 8iterations
Convergence after 8iterations
Convergence after 8iterations
Convergence after 8iterations
Convergence after 8iterations
Convergence after 7iterations
Convergence after 7iterations
Convergence after 8iterations
Convergence after 8iterations
Convergence after 8iterations
Convergence after 8iterations
Convergence after 8iterations
Convergence after 8iterations
Convergence after 8iterations
Convergence after 8iterations
Convergence after 8iterations
  
  
  
Creating this->p_tot for 4/ 15freq
  
Convergence after 9iterations
Convergence after 9iterations
Convergence after 9iterations
Convergence after 9iterations
Convergence after 9iterations
Convergence after 9iterations
Convergence after 9iterations
Convergence after 9iterations
Convergence after 9iterations
Convergence after 9iterations
Convergence after 9iterations
Convergence after 9iterations
Convergence after 9iterations
Convergence after 9iterations
Convergence after 9iterations
Convergence after 9iterations
Convergence after 9iterations
Convergence after 9iterations
Convergence after 9iterations
Convergence after 9iterations
Convergence after 9iterations
Convergence after 9iterations
Convergence after 9iterations
Convergence after 9iterations
Convergence after 9iterations
Convergence after 9iterations
Convergence after 9iterations
Convergence after 9iterations
Convergence after 9iterations
Convergence after 9iterations
  
  
  
Creating this->p_tot for 5/ 15freq
  
Convergence after 10iterations
Convergence after 10iterations
Convergence after 10iterations
Convergence after 10iterations
Convergence after 10iterations
Convergence after 10iterations
Convergence after 10iterations
Convergence after 10iterations
Convergence after 10iterations
Convergence after 10iterations
Convergence after 10iterations
Convergence after 10iterations
Convergence after 10iterations
Convergence after 10iterations
Convergence after 10iterations
Convergence after 10iterations
Convergence after 10iterations
Convergence after 10iterations
Convergence after 10iterations
Convergence after 10iterations
Convergence after 10iterations
Convergence after 10iterations
Convergence after 10iterations
Convergence after 10iterations
Convergence after 10iterations
Convergence after 10iterations
Convergence after 10iterations
Convergence after 10iterations
Convergence after 10iterations
Convergence after 10iterations
  
  
  
Creating this->p_tot for 6/ 15freq
  
Convergence after 11iterations
Convergence after 11iterations
Convergence after 11iterations
Convergence after 11iterations
Convergence after 11iterations
Convergence after 11iterations
Convergence after 11iterations
Convergence after 11iterations
Convergence after 11iterations
Convergence after 11iterations
Convergence after 11iterations
Convergence after 11iterations
Convergence after 11iterations
Convergence after 11iterations
Convergence after 11iterations
Convergence after 11iterations
Convergence after 10iterations
Convergence after 11iterations
Convergence after 11iterations
Convergence after 11iterations
Convergence after 11iterations
Convergence after 11iterations
Convergence after 11iterations
Convergence after 11iterations
Convergence after 11iterations
Convergence after 11iterations
Convergence after 11iterations
Convergence after 11iterations
Convergence after 11iterations
Convergence after 11iterations
  
  
  
Creating this->p_tot for 7/ 15freq
  
Convergence after 12iterations
Convergence after 12iterations
Convergence after 12iterations
Convergence after 12iterations
Convergence after 12iterations
Convergence after 12iterations
Convergence after 13iterations
Convergence after 13iterations
Convergence after 13iterations
Convergence after 12iterations
Convergence after 12iterations
Convergence after 12iterations
Convergence after 12iterations
Convergence after 12iterations
Convergence after 12iterations
Convergence after 11iterations
Convergence after 12iterations
Convergence after 12iterations
Convergence after 12iterations
Convergence after 12iterations
Convergence after 12iterations
Convergence after 13iterations
Convergence after 13iterations
Convergence after 12iterations
Convergence after 12iterations
Convergence after 12iterations
Convergence after 12iterations
Convergence after 11iterations
Convergence after 12iterations
Convergence after 12iterations
  
  
  
Creating this->p_tot for 8/ 15freq
  
Convergence after 13iterations
Convergence after 13iterations
Convergence after 13iterations
Convergence after 13iterations
Convergence after 14iterations
Convergence after 14iterations
Convergence after 13iterations
Convergence after 13iterations
Convergence after 13iterations
Convergence after 13iterations
Convergence after 13iterations
Convergence after 13iterations
Convergence after 12iterations
Convergence after 12iterations
Convergence after 13iterations
Convergence after 13iterations
Convergence after 12iterations
Convergence after 12iterations
Convergence after 13iterations
Convergence after 13iterations
Convergence after 13iterations
Convergence after 13iterations
Convergence after 13iterations
Convergence after 13iterations
Convergence after 14iterations
Convergence after 14iterations
Convergence after 13iterations
Convergence after 13iterations
Convergence after 13iterations
Convergence after 14iterations
  
  
  
Creating this->p_tot for 9/ 15freq
  
Convergence after 14iterations
Convergence after 14iterations
Convergence after 14iterations
No convergence after 15 iterations.Res = 5.64988e-05
No convergence after 15 iterations.Res = 6.08308e-05
No convergence after 15 iterations.Res = 5.0981e-05
Convergence after 14iterations
Convergence after 14iterations
Convergence after 14iterations
Convergence after 14iterations
Convergence after 14iterations
Convergence after 13iterations
Convergence after 13iterations
Convergence after 13iterations
Convergence after 13iterations
Convergence after 13iterations
Convergence after 13iterations
Convergence after 13iterations
Convergence after 13iterations
Convergence after 13iterations
Convergence after 14iterations
Convergence after 14iterations
Convergence after 14iterations
Convergence after 14iterations
Convergence after 14iterations
Convergence after 14iterations
Convergence after 14iterations
Convergence after 14iterations
Convergence after 14iterations
Convergence after 14iterations
  
  
  
Creating this->p_tot for 10/ 15freq
  
No convergence after 15 iterations.Res = 0.000114723
No convergence after 15 iterations.Res = 0.000142436
No convergence after 15 iterations.Res = 0.000204248
No convergence after 15 iterations.Res = 0.00025223
No convergence after 15 iterations.Res = 0.000241244
No convergence after 15 iterations.Res = 0.000199545
No convergence after 15 iterations.Res = 0.000201981
No convergence after 15 iterations.Res = 0.000173847
No convergence after 15 iterations.Res = 0.00018683
No convergence after 15 iterations.Res = 0.000146734
No convergence after 15 iterations.Res = 0.000114372
No convergence after 15 iterations.Res = 0.000100519
No convergence after 15 iterations.Res = 7.05384e-05
Convergence after 14iterations
Convergence after 14iterations
No convergence after 15 iterations.Res = 7.71601e-05
No convergence after 15 iterations.Res = 5.97483e-05
No convergence after 15 iterations.Res = 5.15018e-05
No convergence after 15 iterations.Res = 9.45725e-05
No convergence after 15 iterations.Res = 0.000112329
No convergence after 15 iterations.Res = 0.000151499
No convergence after 15 iterations.Res = 0.00019141
No convergence after 15 iterations.Res = 0.000178781
No convergence after 15 iterations.Res = 0.000209053
No convergence after 15 iterations.Res = 0.000210082
No convergence after 15 iterations.Res = 0.000248011
No convergence after 15 iterations.Res = 0.000268001
No convergence after 15 iterations.Res = 0.000232888
No convergence after 15 iterations.Res = 0.000175501
No convergence after 15 iterations.Res = 0.000132716
  
  
  
Creating this->p_tot for 11/ 15freq
  
No convergence after 15 iterations.Res = 0.000410171
No convergence after 15 iterations.Res = 0.000492293
No convergence after 15 iterations.Res = 0.000590485
No convergence after 15 iterations.Res = 0.000590658
No convergence after 15 iterations.Res = 0.00047489
No convergence after 15 iterations.Res = 0.000456898
No convergence after 15 iterations.Res = 0.000468279
No convergence after 15 iterations.Res = 0.000427272
No convergence after 15 iterations.Res = 0.000377548
No convergence after 15 iterations.Res = 0.000297629
No convergence after 15 iterations.Res = 0.000240927
No convergence after 15 iterations.Res = 0.000222499
No convergence after 15 iterations.Res = 0.000118552
No convergence after 15 iterations.Res = 0.000196652
No convergence after 15 iterations.Res = 9.55129e-05
No convergence after 15 iterations.Res = 9.92694e-05
No convergence after 15 iterations.Res = 0.000202694
No convergence after 15 iterations.Res = 0.000107315
No convergence after 15 iterations.Res = 0.000197614
No convergence after 15 iterations.Res = 0.000208823
No convergence after 15 iterations.Res = 0.000276848
No convergence after 15 iterations.Res = 0.000362076
No convergence after 15 iterations.Res = 0.000396746
No convergence after 15 iterations.Res = 0.000452444
No convergence after 15 iterations.Res = 0.000423436
No convergence after 15 iterations.Res = 0.000447547
No convergence after 15 iterations.Res = 0.000552469
No convergence after 15 iterations.Res = 0.000519637
No convergence after 15 iterations.Res = 0.000404901
No convergence after 15 iterations.Res = 0.000356154
  
  
  
Creating this->p_tot for 12/ 15freq
  
No convergence after 15 iterations.Res = 0.00164406
No convergence after 15 iterations.Res = 0.00165366
No convergence after 15 iterations.Res = 0.0016681
No convergence after 15 iterations.Res = 0.00148631
No convergence after 15 iterations.Res = 0.0011576
No convergence after 15 iterations.Res = 0.00119498
No convergence after 15 iterations.Res = 0.00119215
No convergence after 15 iterations.Res = 0.00113153
No convergence after 15 iterations.Res = 0.000871712
No convergence after 15 iterations.Res = 0.000703205
No convergence after 15 iterations.Res = 0.000591841
No convergence after 15 iterations.Res = 0.000425264
No convergence after 15 iterations.Res = 0.000237955
No convergence after 15 iterations.Res = 0.000345648
No convergence after 15 iterations.Res = 0.000206855
No convergence after 15 iterations.Res = 0.000230464
No convergence after 15 iterations.Res = 0.000383351
No convergence after 15 iterations.Res = 0.000245866
No convergence after 15 iterations.Res = 0.000443518
No convergence after 15 iterations.Res = 0.000575235
No convergence after 15 iterations.Res = 0.000615256
No convergence after 15 iterations.Res = 0.000755361
No convergence after 15 iterations.Res = 0.00103109
No convergence after 15 iterations.Res = 0.00109779
No convergence after 15 iterations.Res = 0.00114525
No convergence after 15 iterations.Res = 0.00109666
No convergence after 15 iterations.Res = 0.00142591
No convergence after 15 iterations.Res = 0.00161029
No convergence after 15 iterations.Res = 0.00157988
No convergence after 15 iterations.Res = 0.00154805
  
  
  
Creating this->p_tot for 13/ 15freq
  
No convergence after 15 iterations.Res = 0.0050902
No convergence after 15 iterations.Res = 0.00495526
No convergence after 15 iterations.Res = 0.00455397
No convergence after 15 iterations.Res = 0.00390454
No convergence after 15 iterations.Res = 0.00362021
No convergence after 15 iterations.Res = 0.00381579
No convergence after 15 iterations.Res = 0.00347724
No convergence after 15 iterations.Res = 0.00312315
No convergence after 15 iterations.Res = 0.0025657
No convergence after 15 iterations.Res = 0.00214745
No convergence after 15 iterations.Res = 0.0018492
No convergence after 15 iterations.Res = 0.00150806
No convergence after 15 iterations.Res = 0.00119436
No convergence after 15 iterations.Res = 0.000868331
No convergence after 15 iterations.Res = 0.000789692
No convergence after 15 iterations.Res = 0.000866786
No convergence after 15 iterations.Res = 0.00104428
No convergence after 15 iterations.Res = 0.00122984
No convergence after 15 iterations.Res = 0.0013462
No convergence after 15 iterations.Res = 0.00174524
No convergence after 15 iterations.Res = 0.00209036
No convergence after 15 iterations.Res = 0.00257869
No convergence after 15 iterations.Res = 0.00319271
No convergence after 15 iterations.Res = 0.00356283
No convergence after 15 iterations.Res = 0.00392588
No convergence after 15 iterations.Res = 0.00373144
No convergence after 15 iterations.Res = 0.00402017
No convergence after 15 iterations.Res = 0.00463738
No convergence after 15 iterations.Res = 0.00496656
No convergence after 15 iterations.Res = 0.00502686
  
  
  
Creating this->p_tot for 14/ 15freq
  
No convergence after 15 iterations.Res = 0.00829868
No convergence after 15 iterations.Res = 0.00675871
No convergence after 15 iterations.Res = 0.00525886
No convergence after 15 iterations.Res = 0.00502992
No convergence after 15 iterations.Res = 0.00525423
No convergence after 15 iterations.Res = 0.00468324
No convergence after 15 iterations.Res = 0.00453439
No convergence after 15 iterations.Res = 0.00382748
No convergence after 15 iterations.Res = 0.00326377
No convergence after 15 iterations.Res = 0.00280213
No convergence after 15 iterations.Res = 0.00241055
No convergence after 15 iterations.Res = 0.00226372
No convergence after 15 iterations.Res = 0.00198748
No convergence after 15 iterations.Res = 0.00136702
No convergence after 15 iterations.Res = 0.00127129
No convergence after 15 iterations.Res = 0.00150334
No convergence after 15 iterations.Res = 0.00138067
No convergence after 15 iterations.Res = 0.00221217
No convergence after 15 iterations.Res = 0.0024235
No convergence after 15 iterations.Res = 0.00253755
No convergence after 15 iterations.Res = 0.00281376
No convergence after 15 iterations.Res = 0.00331842
No convergence after 15 iterations.Res = 0.00387136
No convergence after 15 iterations.Res = 0.00451861
No convergence after 15 iterations.Res = 0.00469388
No convergence after 15 iterations.Res = 0.00537032
No convergence after 15 iterations.Res = 0.00518621
No convergence after 15 iterations.Res = 0.00534905
No convergence after 15 iterations.Res = 0.00672115
No convergence after 15 iterations.Res = 0.0081634
  
  
  
Creating this->p_tot for 15/ 15freq
  
No convergence after 15 iterations.Res = 0.0200767
No convergence after 15 iterations.Res = 0.017238
No convergence after 15 iterations.Res = 0.016244
No convergence after 15 iterations.Res = 0.0150942
No convergence after 15 iterations.Res = 0.014577
No convergence after 15 iterations.Res = 0.0139298
No convergence after 15 iterations.Res = 0.0122448
No convergence after 15 iterations.Res = 0.010964
No convergence after 15 iterations.Res = 0.00843333
No convergence after 15 iterations.Res = 0.00657436
No convergence after 15 iterations.Res = 0.00661333
No convergence after 15 iterations.Res = 0.0043918
No convergence after 15 iterations.Res = 0.00468535
No convergence after 15 iterations.Res = 0.00273911
No convergence after 15 iterations.Res = 0.00244349
No convergence after 15 iterations.Res = 0.00271473
No convergence after 15 iterations.Res = 0.00274282
No convergence after 15 iterations.Res = 0.00538101
No convergence after 15 iterations.Res = 0.0044709
No convergence after 15 iterations.Res = 0.00680025
No convergence after 15 iterations.Res = 0.0065632
No convergence after 15 iterations.Res = 0.00847553
No convergence after 15 iterations.Res = 0.011063
No convergence after 15 iterations.Res = 0.0122564
No convergence after 15 iterations.Res = 0.0141139
No convergence after 15 iterations.Res = 0.0146831
No convergence after 15 iterations.Res = 0.0154226
No convergence after 15 iterations.Res = 0.0164148
No convergence after 15 iterations.Res = 0.0170967
No convergence after 15 iterations.Res = 0.0198445
  
  
Computation time for createTotalFieldCurrentProcessor was 47.5637 seconds
Finished at Wed Dec 12 11:11:38 2018

