2222222222222222222222222222222222222222222222222222222222222222
2222222222222222222222222222222222222222222222222222222222222222
2222222222222222222222222222222222222222222222222222222222222222
2222222222222222222222222222222222222222222222222222222222222222
2222222222222222222222222222227777222222222222222222222222222222
2222222222222222222222222222777777777222222222222222222222222222
2222222222222222222222222777777777777772222222222222222222222222
2222222222222222222222277777722222277777722222222222222222222222
2222222222222222222277777777777777777777777222222222222222222222
2222222222222222227777777777777777777777777777222222222222222222
2222222222222222222222222222222222222222222222222222222222222222
2222222222222222222222222222222222222222222222222222222222222222
2222222222222222222277772227772227777222777722222222222222222222
2222222222222222222277772227772227777222777722222222222222222222
2222222222222222222277772227772227777222777722222222222222222222
2222222222222222222277772227772227777222777722222222222222222222
2222222222222222222277772227772227777222777722222222222222222222
2222222222222222222222222222222222222222222222222222222222222222
2222222222222222222222222222222222222222222222222222222222222222
2222222222222222222222222222222222222222222222222222222222222222
2277777777777777777777777777777777777777777777777777777777777722
2277777777777777777777777777777777777777777777777777777777777722
2277777777777777777777777777777777777777777777777777777777777722
2222222222222222222222222222222222222222222222222222222222222222
2222222222222222222222222222222222222222222222222222222222222222
2222222222222222222222222222222222222222222222222222222222222222
2222222222222222222222222222222222222222222222222222222222222222
2222222222222222222222222222222222222222222222222222222222222222
2222222222222222222222222222222222222222222222222222222222222222
2222222222222222222222222222222222222222222222222222222222222222
2222222222222222222222222222222222222222222222222222222222222222
2222222222222222222222222222222222222222222222222222222222222222
Starting at Thu Jan  3 15:51:08 2019

Total number is sources is 17. Positions:
x = (-480, -5)
x = (-420, -5)
x = (-360, -5)
x = (-300, -5)
x = (-240, -5)
x = (-180, -5)
x = (-120, -5)
x = (-60, -5)
x = (0, -5)
x = (60, -5)
x = (120, -5)
x = (180, -5)
x = (240, -5)
x = (300, -5)
x = (360, -5)
x = (420, -5)
x = (480, -5)

Total number is receivers is 17. Positions:
x = (-480, -5)
x = (-420, -5)
x = (-360, -5)
x = (-300, -5)
x = (-240, -5)
x = (-180, -5)
x = (-120, -5)
x = (-60, -5)
x = (0, -5)
x = (60, -5)
x = (120, -5)
x = (180, -5)
x = (240, -5)
x = (300, -5)
x = (360, -5)
x = (420, -5)
x = (480, -5)

Total number of frequencies is 15. Values:
f = 10, k = 0.0314159
f = 12.1429, k = 0.0381479
f = 14.2857, k = 0.0448799
f = 16.4286, k = 0.0516119
f = 18.5714, k = 0.0583439
f = 20.7143, k = 0.0650758
f = 22.8571, k = 0.0718078
f = 25, k = 0.0785398
f = 27.1429, k = 0.0852718
f = 29.2857, k = 0.0920038
f = 31.4286, k = 0.0987358
f = 33.5714, k = 0.105468
f = 35.7143, k = 0.1122
f = 37.8571, k = 0.118932
f = 40, k = 0.125664

Creating Greens function field...
Creating P0...
Estimating Chi...
1/2	 (1/2)	 res: 0.53933091805231059
2/2	 (1/2)	 res: 0.60338839022883362
  
Creating this->p_tot for 1/ 15freq
  
Convergence after 2iterations
Convergence after 2iterations
Convergence after 2iterations
Convergence after 2iterations
Convergence after 2iterations
Convergence after 2iterations
Convergence after 2iterations
Convergence after 2iterations
Convergence after 2iterations
Convergence after 2iterations
Convergence after 2iterations
Convergence after 2iterations
Convergence after 2iterations
Convergence after 2iterations
Convergence after 2iterations
Convergence after 2iterations
Convergence after 2iterations
  
Creating this->p_tot for 2/ 15freq
  
Convergence after 2iterations
Convergence after 2iterations
Convergence after 2iterations
Convergence after 2iterations
Convergence after 2iterations
Convergence after 2iterations
Convergence after 2iterations
Convergence after 2iterations
Convergence after 2iterations
Convergence after 2iterations
Convergence after 2iterations
Convergence after 2iterations
Convergence after 2iterations
Convergence after 2iterations
Convergence after 2iterations
Convergence after 2iterations
Convergence after 2iterations
  
Creating this->p_tot for 3/ 15freq
  
Convergence after 3iterations
Convergence after 3iterations
Convergence after 3iterations
Convergence after 3iterations
Convergence after 2iterations
Convergence after 2iterations
Convergence after 2iterations
Convergence after 2iterations
Convergence after 2iterations
Convergence after 2iterations
Convergence after 2iterations
Convergence after 2iterations
Convergence after 2iterations
Convergence after 3iterations
Convergence after 3iterations
Convergence after 3iterations
Convergence after 3iterations
  
Creating this->p_tot for 4/ 15freq
  
Convergence after 3iterations
Convergence after 3iterations
Convergence after 3iterations
Convergence after 3iterations
Convergence after 3iterations
Convergence after 3iterations
Convergence after 2iterations
Convergence after 2iterations
Convergence after 2iterations
Convergence after 2iterations
Convergence after 2iterations
Convergence after 3iterations
Convergence after 3iterations
Convergence after 3iterations
Convergence after 3iterations
Convergence after 3iterations
Convergence after 3iterations
  
Creating this->p_tot for 5/ 15freq
  
Convergence after 3iterations
Convergence after 3iterations
Convergence after 3iterations
Convergence after 3iterations
Convergence after 3iterations
Convergence after 3iterations
Convergence after 3iterations
Convergence after 2iterations
Convergence after 2iterations
Convergence after 2iterations
Convergence after 3iterations
Convergence after 3iterations
Convergence after 3iterations
Convergence after 3iterations
Convergence after 3iterations
Convergence after 3iterations
Convergence after 3iterations
  
Creating this->p_tot for 6/ 15freq
  
Convergence after 3iterations
Convergence after 3iterations
Convergence after 3iterations
Convergence after 3iterations
Convergence after 3iterations
Convergence after 3iterations
Convergence after 3iterations
Convergence after 3iterations
Convergence after 2iterations
Convergence after 3iterations
Convergence after 3iterations
Convergence after 3iterations
Convergence after 3iterations
Convergence after 3iterations
Convergence after 3iterations
Convergence after 3iterations
Convergence after 3iterations
  
Creating this->p_tot for 7/ 15freq
  
Convergence after 3iterations
Convergence after 3iterations
Convergence after 3iterations
Convergence after 3iterations
Convergence after 3iterations
Convergence after 3iterations
Convergence after 3iterations
Convergence after 3iterations
Convergence after 2iterations
Convergence after 3iterations
Convergence after 3iterations
Convergence after 3iterations
Convergence after 3iterations
Convergence after 3iterations
Convergence after 3iterations
Convergence after 3iterations
Convergence after 3iterations
  
Creating this->p_tot for 8/ 15freq
  
Convergence after 3iterations
Convergence after 3iterations
Convergence after 3iterations
Convergence after 3iterations
Convergence after 3iterations
Convergence after 3iterations
Convergence after 3iterations
Convergence after 3iterations
Convergence after 2iterations
Convergence after 3iterations
Convergence after 3iterations
Convergence after 3iterations
Convergence after 3iterations
Convergence after 3iterations
Convergence after 3iterations
Convergence after 3iterations
Convergence after 3iterations
  
Creating this->p_tot for 9/ 15freq
  
No convergence after 4 iterations.Res = 0.0063048816281197472
No convergence after 4 iterations.Res = 0.0062347392905908088
No convergence after 4 iterations.Res = 0.0063166144703797299
No convergence after 4 iterations.Res = 0.0058943934062686155
Convergence after 3iterations
Convergence after 3iterations
Convergence after 3iterations
Convergence after 3iterations
Convergence after 3iterations
Convergence after 3iterations
Convergence after 3iterations
Convergence after 3iterations
Convergence after 3iterations
No convergence after 4 iterations.Res = 0.0057536180408747492
No convergence after 4 iterations.Res = 0.0062349560441814587
No convergence after 4 iterations.Res = 0.0061591269769653593
No convergence after 4 iterations.Res = 0.0062245530977862815
  
Creating this->p_tot for 10/ 15freq
  
No convergence after 4 iterations.Res = 0.0085789546331173794
No convergence after 4 iterations.Res = 0.0086663497335575223
No convergence after 4 iterations.Res = 0.0088166903937087794
No convergence after 4 iterations.Res = 0.0077654143060757221
No convergence after 4 iterations.Res = 0.0057831540525541628
Convergence after 3iterations
Convergence after 3iterations
Convergence after 3iterations
Convergence after 3iterations
Convergence after 3iterations
Convergence after 3iterations
Convergence after 3iterations
No convergence after 4 iterations.Res = 0.0056471358352569766
No convergence after 4 iterations.Res = 0.007561627800807335
No convergence after 4 iterations.Res = 0.0086648478986376034
No convergence after 4 iterations.Res = 0.0085457640772455476
No convergence after 4 iterations.Res = 0.0084643928170392742
  
Creating this->p_tot for 11/ 15freq
  
No convergence after 4 iterations.Res = 0.01151739830431355
No convergence after 4 iterations.Res = 0.011756576845828632
No convergence after 4 iterations.Res = 0.011680228469108158
No convergence after 4 iterations.Res = 0.0098200086106072487
No convergence after 4 iterations.Res = 0.007214896309342125
Convergence after 3iterations
Convergence after 3iterations
Convergence after 3iterations
Convergence after 3iterations
Convergence after 3iterations
Convergence after 3iterations
Convergence after 3iterations
No convergence after 4 iterations.Res = 0.0071269281511911016
No convergence after 4 iterations.Res = 0.0095873752057937609
No convergence after 4 iterations.Res = 0.011447185010281696
No convergence after 4 iterations.Res = 0.011556222314577723
No convergence after 4 iterations.Res = 0.011347092961553075
  
Creating this->p_tot for 12/ 15freq
  
No convergence after 4 iterations.Res = 0.015164325236223027
No convergence after 4 iterations.Res = 0.015382521588591833
No convergence after 4 iterations.Res = 0.014833276674167289
No convergence after 4 iterations.Res = 0.012267428666884522
No convergence after 4 iterations.Res = 0.009175379738605138
No convergence after 4 iterations.Res = 0.0059005327031228984
Convergence after 3iterations
Convergence after 3iterations
Convergence after 3iterations
Convergence after 3iterations
Convergence after 3iterations
No convergence after 4 iterations.Res = 0.0059786397343926431
No convergence after 4 iterations.Res = 0.0091827575260739706
No convergence after 4 iterations.Res = 0.012043911879766066
No convergence after 4 iterations.Res = 0.014545345045015041
No convergence after 4 iterations.Res = 0.015095940599932318
No convergence after 4 iterations.Res = 0.014923733519340648
  
Creating this->p_tot for 13/ 15freq
  
No convergence after 4 iterations.Res = 0.019611850261295687
No convergence after 4 iterations.Res = 0.019510563154997721
No convergence after 4 iterations.Res = 0.018519037483656041
No convergence after 4 iterations.Res = 0.015351077611135246
No convergence after 4 iterations.Res = 0.011944311891319906
No convergence after 4 iterations.Res = 0.0076101280046535534
Convergence after 3iterations
Convergence after 3iterations
Convergence after 3iterations
Convergence after 3iterations
Convergence after 3iterations
No convergence after 4 iterations.Res = 0.0077576145685467213
No convergence after 4 iterations.Res = 0.011990299690871155
No convergence after 4 iterations.Res = 0.015121417082708286
No convergence after 4 iterations.Res = 0.018176874391368416
No convergence after 4 iterations.Res = 0.019143091496496192
No convergence after 4 iterations.Res = 0.019253154616580597
  
Creating this->p_tot for 14/ 15freq
  
No convergence after 4 iterations.Res = 0.024691823924646503
No convergence after 4 iterations.Res = 0.024092753312831193
No convergence after 4 iterations.Res = 0.022781110314415196
No convergence after 4 iterations.Res = 0.018949605143796063
No convergence after 4 iterations.Res = 0.015056828845593553
No convergence after 4 iterations.Res = 0.0095605989847174656
Convergence after 3iterations
Convergence after 3iterations
Convergence after 3iterations
Convergence after 3iterations
Convergence after 3iterations
No convergence after 4 iterations.Res = 0.0097986832258299683
No convergence after 4 iterations.Res = 0.015042534395327977
No convergence after 4 iterations.Res = 0.01866841848804425
No convergence after 4 iterations.Res = 0.022369767006322948
No convergence after 4 iterations.Res = 0.023679981607653645
No convergence after 4 iterations.Res = 0.024205544451104268
  
Creating this->p_tot for 15/ 15freq
  
No convergence after 4 iterations.Res = 0.030444445252205871
No convergence after 4 iterations.Res = 0.029532478533142791
No convergence after 4 iterations.Res = 0.02768669328432237
No convergence after 4 iterations.Res = 0.022846794999829237
No convergence after 4 iterations.Res = 0.017641363975829386
No convergence after 4 iterations.Res = 0.011120566593300076
No convergence after 4 iterations.Res = 0.0053590358489307337
Convergence after 3iterations
Convergence after 3iterations
Convergence after 3iterations
No convergence after 4 iterations.Res = 0.0053910436421455484
No convergence after 4 iterations.Res = 0.011360640777486358
No convergence after 4 iterations.Res = 0.017543187758979405
No convergence after 4 iterations.Res = 0.022507045069171713
No convergence after 4 iterations.Res = 0.027209834679675304
No convergence after 4 iterations.Res = 0.029098361258217017
No convergence after 4 iterations.Res = 0.029857812967198298
1/2	 (2/2)	 res: 0.45286289790642553
2/2	 (2/2)	 res: 0.47469806717232194
  
Creating this->p_tot for 1/ 15freq
  
Convergence after 2iterations
Convergence after 2iterations
Convergence after 2iterations
Convergence after 2iterations
Convergence after 2iterations
Convergence after 2iterations
Convergence after 2iterations
Convergence after 2iterations
Convergence after 2iterations
Convergence after 2iterations
Convergence after 2iterations
Convergence after 2iterations
Convergence after 2iterations
Convergence after 2iterations
Convergence after 2iterations
Convergence after 2iterations
Convergence after 2iterations
  
Creating this->p_tot for 2/ 15freq
  
Convergence after 2iterations
Convergence after 2iterations
Convergence after 2iterations
Convergence after 3iterations
Convergence after 2iterations
Convergence after 2iterations
Convergence after 2iterations
Convergence after 2iterations
Convergence after 2iterations
Convergence after 2iterations
Convergence after 2iterations
Convergence after 2iterations
Convergence after 2iterations
Convergence after 3iterations
Convergence after 2iterations
Convergence after 2iterations
Convergence after 2iterations
  
Creating this->p_tot for 3/ 15freq
  
Convergence after 3iterations
Convergence after 3iterations
Convergence after 3iterations
Convergence after 3iterations
Convergence after 3iterations
Convergence after 2iterations
Convergence after 2iterations
Convergence after 2iterations
Convergence after 2iterations
Convergence after 2iterations
Convergence after 2iterations
Convergence after 2iterations
Convergence after 3iterations
Convergence after 3iterations
Convergence after 3iterations
Convergence after 3iterations
Convergence after 3iterations
  
Creating this->p_tot for 4/ 15freq
  
Convergence after 3iterations
Convergence after 3iterations
Convergence after 3iterations
Convergence after 3iterations
Convergence after 3iterations
Convergence after 3iterations
Convergence after 3iterations
Convergence after 3iterations
Convergence after 2iterations
Convergence after 3iterations
Convergence after 3iterations
Convergence after 3iterations
Convergence after 3iterations
Convergence after 3iterations
Convergence after 3iterations
Convergence after 3iterations
Convergence after 3iterations
  
Creating this->p_tot for 5/ 15freq
  
Convergence after 3iterations
Convergence after 3iterations
Convergence after 3iterations
Convergence after 3iterations
Convergence after 3iterations
Convergence after 3iterations
Convergence after 3iterations
Convergence after 3iterations
Convergence after 2iterations
Convergence after 3iterations
Convergence after 3iterations
Convergence after 3iterations
Convergence after 3iterations
Convergence after 3iterations
Convergence after 3iterations
Convergence after 3iterations
Convergence after 3iterations
  
Creating this->p_tot for 6/ 15freq
  
Convergence after 3iterations
Convergence after 3iterations
Convergence after 3iterations
Convergence after 3iterations
Convergence after 3iterations
Convergence after 3iterations
Convergence after 3iterations
Convergence after 3iterations
Convergence after 2iterations
Convergence after 3iterations
Convergence after 3iterations
Convergence after 3iterations
Convergence after 3iterations
Convergence after 3iterations
Convergence after 3iterations
Convergence after 3iterations
Convergence after 3iterations
  
Creating this->p_tot for 7/ 15freq
  
Convergence after 3iterations
Convergence after 3iterations
Convergence after 3iterations
Convergence after 3iterations
Convergence after 3iterations
Convergence after 3iterations
Convergence after 3iterations
Convergence after 3iterations
Convergence after 2iterations
Convergence after 3iterations
Convergence after 3iterations
Convergence after 3iterations
Convergence after 3iterations
Convergence after 3iterations
Convergence after 3iterations
Convergence after 3iterations
Convergence after 3iterations
  
Creating this->p_tot for 8/ 15freq
  
Convergence after 3iterations
Convergence after 3iterations
Convergence after 3iterations
Convergence after 3iterations
Convergence after 3iterations
Convergence after 3iterations
Convergence after 3iterations
Convergence after 3iterations
Convergence after 3iterations
Convergence after 3iterations
Convergence after 3iterations
Convergence after 3iterations
Convergence after 3iterations
Convergence after 3iterations
Convergence after 3iterations
Convergence after 3iterations
Convergence after 3iterations
  
Creating this->p_tot for 9/ 15freq
  
No convergence after 4 iterations.Res = 0.0056846751173744905
No convergence after 4 iterations.Res = 0.0055343664277455792
No convergence after 4 iterations.Res = 0.0058057315296002523
No convergence after 4 iterations.Res = 0.006101796249426591
No convergence after 4 iterations.Res = 0.0050545934946380775
Convergence after 3iterations
Convergence after 3iterations
Convergence after 3iterations
Convergence after 3iterations
Convergence after 3iterations
Convergence after 3iterations
Convergence after 3iterations
No convergence after 4 iterations.Res = 0.0050109763992164571
No convergence after 4 iterations.Res = 0.0060330678120055449
No convergence after 4 iterations.Res = 0.005806545063566558
No convergence after 4 iterations.Res = 0.0055447041803426619
No convergence after 4 iterations.Res = 0.0056926208351716469
  
Creating this->p_tot for 10/ 15freq
  
No convergence after 4 iterations.Res = 0.0076286586256144829
No convergence after 4 iterations.Res = 0.0077897304956330267
No convergence after 4 iterations.Res = 0.0083617381668893744
No convergence after 4 iterations.Res = 0.0080377014439043711
No convergence after 4 iterations.Res = 0.0062422287640820041
Convergence after 3iterations
Convergence after 3iterations
Convergence after 3iterations
Convergence after 3iterations
Convergence after 3iterations
Convergence after 3iterations
Convergence after 3iterations
No convergence after 4 iterations.Res = 0.0062476239457826752
No convergence after 4 iterations.Res = 0.0079345205697315038
No convergence after 4 iterations.Res = 0.0083062872192690967
No convergence after 4 iterations.Res = 0.0077854831190680516
No convergence after 4 iterations.Res = 0.007635205779729295
  
Creating this->p_tot for 11/ 15freq
  
No convergence after 4 iterations.Res = 0.010266772120399248
No convergence after 4 iterations.Res = 0.010800859061094596
No convergence after 4 iterations.Res = 0.011164618766564509
No convergence after 4 iterations.Res = 0.010079344957068198
No convergence after 4 iterations.Res = 0.0078842810065772231
No convergence after 4 iterations.Res = 0.0056069181199081717
Convergence after 3iterations
Convergence after 3iterations
Convergence after 3iterations
Convergence after 3iterations
Convergence after 3iterations
No convergence after 4 iterations.Res = 0.0057687443774223496
No convergence after 4 iterations.Res = 0.008002985018924243
No convergence after 4 iterations.Res = 0.010003323601820208
No convergence after 4 iterations.Res = 0.011040070484968531
No convergence after 4 iterations.Res = 0.010730625705726478
No convergence after 4 iterations.Res = 0.010247017155831477
  
Creating this->p_tot for 12/ 15freq
  
No convergence after 4 iterations.Res = 0.013572534140541364
No convergence after 4 iterations.Res = 0.014201732521690769
No convergence after 4 iterations.Res = 0.013897968527488402
No convergence after 4 iterations.Res = 0.012520151859870012
No convergence after 4 iterations.Res = 0.0099493134758284855
No convergence after 4 iterations.Res = 0.0065613544942731035
Convergence after 3iterations
Convergence after 3iterations
Convergence after 3iterations
Convergence after 3iterations
Convergence after 3iterations
No convergence after 4 iterations.Res = 0.0068942344743646751
No convergence after 4 iterations.Res = 0.010235393247485926
No convergence after 4 iterations.Res = 0.012552763419706727
No convergence after 4 iterations.Res = 0.013784907782077362
No convergence after 4 iterations.Res = 0.014067392219759303
No convergence after 4 iterations.Res = 0.013523105353132614
  
Creating this->p_tot for 13/ 15freq
  
No convergence after 4 iterations.Res = 0.017705770889177765
No convergence after 4 iterations.Res = 0.017927403706702202
No convergence after 4 iterations.Res = 0.017205541231231525
No convergence after 4 iterations.Res = 0.015817316688346069
No convergence after 4 iterations.Res = 0.012892312486312511
No convergence after 4 iterations.Res = 0.0084073184824432299
Convergence after 3iterations
Convergence after 3iterations
Convergence after 3iterations
Convergence after 3iterations
Convergence after 3iterations
No convergence after 4 iterations.Res = 0.0088763083050082837
No convergence after 4 iterations.Res = 0.013254057452588461
No convergence after 4 iterations.Res = 0.015891181633573129
No convergence after 4 iterations.Res = 0.017097932527567528
No convergence after 4 iterations.Res = 0.017718587586008774
No convergence after 4 iterations.Res = 0.017531982992202627
  
Creating this->p_tot for 14/ 15freq
  
No convergence after 4 iterations.Res = 0.022277872446560515
No convergence after 4 iterations.Res = 0.02172307020342705
No convergence after 4 iterations.Res = 0.021204347104285665
No convergence after 4 iterations.Res = 0.019617094946591147
No convergence after 4 iterations.Res = 0.016364856143216495
No convergence after 4 iterations.Res = 0.010452031300268689
Convergence after 3iterations
Convergence after 3iterations
Convergence after 3iterations
Convergence after 3iterations
Convergence after 3iterations
No convergence after 4 iterations.Res = 0.011063187956837719
No convergence after 4 iterations.Res = 0.016712572872607558
No convergence after 4 iterations.Res = 0.019691251780823347
No convergence after 4 iterations.Res = 0.021104315613132106
No convergence after 4 iterations.Res = 0.02154876142873579
No convergence after 4 iterations.Res = 0.02200353832446509
  
Creating this->p_tot for 15/ 15freq
  
No convergence after 4 iterations.Res = 0.027269906768217039
No convergence after 4 iterations.Res = 0.026330998877599009
No convergence after 4 iterations.Res = 0.025998599098763273
No convergence after 4 iterations.Res = 0.023815873101851879
No convergence after 4 iterations.Res = 0.019600700199439221
No convergence after 4 iterations.Res = 0.012181947932779883
No convergence after 4 iterations.Res = 0.0054090851445768758
Convergence after 3iterations
Convergence after 3iterations
Convergence after 3iterations
No convergence after 4 iterations.Res = 0.0055923915309792488
No convergence after 4 iterations.Res = 0.012829152039317922
No convergence after 4 iterations.Res = 0.019934228017072547
No convergence after 4 iterations.Res = 0.023895640455491141
No convergence after 4 iterations.Res = 0.025906702459444111
No convergence after 4 iterations.Res = 0.026248926117374744
No convergence after 4 iterations.Res = 0.026921725908682168
Done, writing to file
Finished at Thu Jan  3 15:51:27 2019

CPU time: 19.259393692016602 seconds
Visualisation of the estimated temple using FWI
2222223222223222223222222221221111221222222223222223222223222222
3222223222222222222222222221221001221222222222222223222222222223
2222222222222332222222222222222112211222222222222332222222222222
2222222222322322332332222222222222222222222333332332232222222222
2222222222332333333333322223333443333323333333333332333222232222
2222232222332333333333333334444554444333333333333332332222322222
2222222322223333333333334444444444444444333333333233222232222222
2222222222223233233333334444443333444444333333223323222222222222
2222222222222223223333333333333333333333333332223222222222222222
2222222222222222222232222222112222112222222322222222222222222222
2222222222222222222221111111111111111111111222222222222222222222
2222222222222222222222111112221112222112112222222222222222222222
2222222222222222222222222222322222232222222222222222222222222222
2222222222222222222222322223323333333222332222222222222222222222
2222222222222222222222222222222222222222222222222222222222222222
2222222222222222222222222222222222222222222222222222222222222222
2222222222222221111111111111111111111111111111111222222222222222
2222222222222222111111111111111111111111111111112222222222222222
2222222222222222222222222222222222222222222222222222222222222222
2222222222222323333333333333333333333333333333333222222222222222
2222222222333333333333333333333333333333333333333333332222222222
2222222222222222322333333333333333333333333332232222222222222222
2222222222222222222222222222222222222222222222222222222222222222
2222222222222222122221112222122222212222111222211222222222222222
2222222222222222222222222222222222222222222222222222222222222222
2222222222222222222222222222222222222222222222222222222222222222
2222222222222222222222222222222222222222222222222222222222222222
2222222222222222222222222222222222222222222222222222222222222222
2222222222222222222222222222222222222222222222222222222222222222
2222222222222222222222222222222222222222222222222222222222222222
2222222222222222222222222222222222222222222222222222222222222222
2222222222222222222222222222222222222222222222222222222222222222
